<testsuites name="jest tests" tests="5" failures="0" time="2.349">
  <testsuite name="undefined" errors="0" failures="0" skipped="0" timestamp="2020-07-23T18:43:51" time="2.349" tests="5">
    <testcase classname=" Testing for cycle length 1" name=" Testing for cycle length 1" time="0.141">
    </testcase>
    <testcase classname=" Testing for cycle length 2" name=" Testing for cycle length 2" time="0.097">
    </testcase>
    <testcase classname=" Testing for cycle length 3" name=" Testing for cycle length 3" time="0.103">
    </testcase>
    <testcase classname=" Testing for cycle length 7" name=" Testing for cycle length 7" time="0.152">
    </testcase>
    <testcase classname=" Testing for cycle length 31" name=" Testing for cycle length 31" time="0.41">
    </testcase>
  </testsuite>
</testsuites>